digraph sample1 {
    graph [nodesep=0.35, ranksep=0.5, splines=spline];
    node [color="#4a6fa5", fillcolor="#e6f2ff", fontname=Helvetica, fontsize=10, shape=box, style="rounded,filled"];
    edge [arrowsize=0.8, color="#4a6fa5", penwidth=1.2];
    s1 -> a [label=x];
    a -> t1 [label=y];
    s2 -> b [label=x];
    a -> b [label=z];
    b -> a [label=w];
}
